../Drivers/CMSIS/Include/core_cm4.h:1615:26:NVIC_GetPriorityGrouping	4	static
../Drivers/CMSIS/Include/core_cm4.h:1626:22:NVIC_EnableIRQ	16	static
../Drivers/CMSIS/Include/core_cm4.h:1698:22:NVIC_SetPriority	16	static
../Drivers/CMSIS/Include/core_cm4.h:1745:26:NVIC_EncodePriority	40	static
../Drivers/STM32F3xx_HAL_Driver/Inc/stm32f3xx_ll_i2c.h:407:22:LL_I2C_Enable	16	static
../Drivers/STM32F3xx_HAL_Driver/Inc/stm32f3xx_ll_i2c.h:620:22:LL_I2C_EnableClockStretching	16	static
../Drivers/STM32F3xx_HAL_Driver/Inc/stm32f3xx_ll_i2c.h:740:22:LL_I2C_DisableGeneralCall	16	static
../Drivers/STM32F3xx_HAL_Driver/Inc/stm32f3xx_ll_i2c.h:851:22:LL_I2C_SetOwnAddress2	24	static
../Drivers/STM32F3xx_HAL_Driver/Inc/stm32f3xx_ll_i2c.h:873:22:LL_I2C_DisableOwnAddress2	16	static
../Drivers/STM32F3xx_HAL_Driver/Inc/stm32f3xx_ll_i2c.h:1295:22:LL_I2C_EnableIT_RX	16	static
../Drivers/STM32F3xx_HAL_Driver/Inc/stm32f3xx_ll_i2c.h:1306:22:LL_I2C_DisableIT_RX	16	static
../Drivers/STM32F3xx_HAL_Driver/Inc/stm32f3xx_ll_i2c.h:1540:26:LL_I2C_IsActiveFlag_TXIS	16	static
../Drivers/STM32F3xx_HAL_Driver/Inc/stm32f3xx_ll_i2c.h:1553:26:LL_I2C_IsActiveFlag_RXNE	16	static
../Drivers/STM32F3xx_HAL_Driver/Inc/stm32f3xx_ll_i2c.h:1592:26:LL_I2C_IsActiveFlag_STOP	16	static
../Drivers/STM32F3xx_HAL_Driver/Inc/stm32f3xx_ll_i2c.h:1738:22:LL_I2C_ClearFlag_NACK	16	static
../Drivers/STM32F3xx_HAL_Driver/Inc/stm32f3xx_ll_i2c.h:1749:22:LL_I2C_ClearFlag_STOP	16	static
../Drivers/STM32F3xx_HAL_Driver/Inc/stm32f3xx_ll_i2c.h:1854:22:LL_I2C_EnableAutoEndMode	16	static
../Drivers/STM32F3xx_HAL_Driver/Inc/stm32f3xx_ll_i2c.h:2106:22:LL_I2C_HandleTransfer	24	static
../Drivers/STM32F3xx_HAL_Driver/Inc/stm32f3xx_ll_i2c.h:2188:25:LL_I2C_ReceiveData8	16	static
../Drivers/STM32F3xx_HAL_Driver/Inc/stm32f3xx_ll_i2c.h:2200:22:LL_I2C_TransmitData8	16	static
../Drivers/STM32F3xx_HAL_Driver/Inc/stm32f3xx_ll_bus.h:303:22:LL_AHB1_GRP1_EnableClock	24	static
../Drivers/STM32F3xx_HAL_Driver/Inc/stm32f3xx_ll_bus.h:553:22:LL_APB1_GRP1_EnableClock	24	static
../Src/i2c.c:29:6:MX_I2C1_Init	64	static
../Src/i2c.c:76:9:i2c_master_read_byte	24	static
../Src/i2c.c:105:9:i2c_master_read_bytes	32	static
../Src/i2c.c:142:6:i2c_send_byte	24	static
../Src/i2c.c:186:6:I2C1_EV_IRQHandler	8	static
