../Drivers/CMSIS/Include/core_cm4.h:1596:22:NVIC_SetPriorityGrouping	24	static
../Drivers/STM32F3xx_HAL_Driver/Inc/stm32f3xx_ll_rcc.h:1097:22:LL_RCC_HSI_Enable	4	static
../Drivers/STM32F3xx_HAL_Driver/Inc/stm32f3xx_ll_rcc.h:1117:26:LL_RCC_HSI_IsReady	4	static
../Drivers/STM32F3xx_HAL_Driver/Inc/stm32f3xx_ll_rcc.h:1143:22:LL_RCC_HSI_SetCalibTrimming	16	static
../Drivers/STM32F3xx_HAL_Driver/Inc/stm32f3xx_ll_rcc.h:1301:22:LL_RCC_SetSysClkSource	16	static
../Drivers/STM32F3xx_HAL_Driver/Inc/stm32f3xx_ll_rcc.h:1314:26:LL_RCC_GetSysClkSource	4	static
../Drivers/STM32F3xx_HAL_Driver/Inc/stm32f3xx_ll_rcc.h:1334:22:LL_RCC_SetAHBPrescaler	16	static
../Drivers/STM32F3xx_HAL_Driver/Inc/stm32f3xx_ll_rcc.h:1350:22:LL_RCC_SetAPB1Prescaler	16	static
../Drivers/STM32F3xx_HAL_Driver/Inc/stm32f3xx_ll_rcc.h:1366:22:LL_RCC_SetAPB2Prescaler	16	static
../Drivers/STM32F3xx_HAL_Driver/Inc/stm32f3xx_ll_rcc.h:1544:22:LL_RCC_SetI2CClockSource	16	static
../Drivers/STM32F3xx_HAL_Driver/Inc/stm32f3xx_ll_bus.h:553:22:LL_APB1_GRP1_EnableClock	24	static
../Drivers/STM32F3xx_HAL_Driver/Inc/stm32f3xx_ll_bus.h:867:22:LL_APB2_GRP1_EnableClock	24	static
../Drivers/STM32F3xx_HAL_Driver/Inc/stm32f3xx_ll_system.h:1634:22:LL_FLASH_SetLatency	16	static
../Drivers/STM32F3xx_HAL_Driver/Inc/stm32f3xx_ll_system.h:1647:26:LL_FLASH_GetLatency	4	static
../Drivers/STM32F3xx_HAL_Driver/Inc/stm32f3xx_ll_cortex.h:260:22:LL_SYSTICK_SetClkSource	16	static
../Drivers/STM32F3xx_HAL_Driver/Inc/stm32f3xx_ll_gpio.h:953:22:LL_GPIO_TogglePin	16	static
../Src/main.c:35:5:main	8	static
../Src/main.c:63:6:SystemClock_Config	8	static
../Src/main.c:100:6:Error_Handler	4	static
