../Drivers/STM32F3xx_HAL_Driver/Inc/stm32f3xx_ll_dma.h:525:22:LL_DMA_DisableChannel	16	static
../Drivers/STM32F3xx_HAL_Driver/Inc/stm32f3xx_ll_dma.h:1315:26:LL_DMA_IsActiveFlag_TC6	16	static
../Drivers/STM32F3xx_HAL_Driver/Inc/stm32f3xx_ll_dma.h:1326:26:LL_DMA_IsActiveFlag_TC7	16	static
../Drivers/STM32F3xx_HAL_Driver/Inc/stm32f3xx_ll_dma.h:1392:26:LL_DMA_IsActiveFlag_HT6	16	static
../Drivers/STM32F3xx_HAL_Driver/Inc/stm32f3xx_ll_dma.h:1623:22:LL_DMA_ClearFlag_TC6	16	static
../Drivers/STM32F3xx_HAL_Driver/Inc/stm32f3xx_ll_dma.h:1634:22:LL_DMA_ClearFlag_TC7	16	static
../Drivers/STM32F3xx_HAL_Driver/Inc/stm32f3xx_ll_dma.h:1700:22:LL_DMA_ClearFlag_HT6	16	static
../Drivers/STM32F3xx_HAL_Driver/Inc/stm32f3xx_ll_usart.h:2564:26:LL_USART_IsActiveFlag_IDLE	16	static
../Drivers/STM32F3xx_HAL_Driver/Inc/stm32f3xx_ll_usart.h:2586:26:LL_USART_IsActiveFlag_TC	16	static
../Drivers/STM32F3xx_HAL_Driver/Inc/stm32f3xx_ll_usart.h:2821:22:LL_USART_ClearFlag_IDLE	16	static
../Src/stm32f3xx_it.c:70:6:NMI_Handler	4	static
../Src/stm32f3xx_it.c:83:6:HardFault_Handler	4	static
../Src/stm32f3xx_it.c:98:6:MemManage_Handler	4	static
../Src/stm32f3xx_it.c:113:6:BusFault_Handler	4	static
../Src/stm32f3xx_it.c:128:6:UsageFault_Handler	4	static
../Src/stm32f3xx_it.c:143:6:SVC_Handler	4	static
../Src/stm32f3xx_it.c:156:6:DebugMon_Handler	4	static
../Src/stm32f3xx_it.c:169:6:PendSV_Handler	4	static
../Src/stm32f3xx_it.c:182:6:SysTick_Handler	4	static
../Src/stm32f3xx_it.c:203:6:DMA1_Channel7_IRQHandler	8	static
../Src/stm32f3xx_it.c:214:6:DMA1_Channel6_IRQHandler	8	static
../Src/stm32f3xx_it.c:229:6:USART2_IRQHandler	8	static
