../Drivers/CMSIS/Include/core_cm4.h:1626:22:NVIC_EnableIRQ	16	static
../Drivers/CMSIS/Include/core_cm4.h:1698:22:NVIC_SetPriority	16	static
../Drivers/STM32F3xx_HAL_Driver/Inc/stm32f3xx_ll_bus.h:303:22:LL_AHB1_GRP1_EnableClock	24	static
../Drivers/STM32F3xx_HAL_Driver/Inc/stm32f3xx_ll_bus.h:553:22:LL_APB1_GRP1_EnableClock	24	static
../Drivers/STM32F3xx_HAL_Driver/Inc/stm32f3xx_ll_dma.h:506:22:LL_DMA_EnableChannel	16	static
../Drivers/STM32F3xx_HAL_Driver/Inc/stm32f3xx_ll_dma.h:525:22:LL_DMA_DisableChannel	16	static
../Drivers/STM32F3xx_HAL_Driver/Inc/stm32f3xx_ll_dma.h:605:22:LL_DMA_SetDataTransferDirection	24	static
../Drivers/STM32F3xx_HAL_Driver/Inc/stm32f3xx_ll_dma.h:629:26:LL_DMA_GetDataTransferDirection	16	static
../Drivers/STM32F3xx_HAL_Driver/Inc/stm32f3xx_ll_dma.h:654:22:LL_DMA_SetMode	24	static
../Drivers/STM32F3xx_HAL_Driver/Inc/stm32f3xx_ll_dma.h:699:22:LL_DMA_SetPeriphIncMode	24	static
../Drivers/STM32F3xx_HAL_Driver/Inc/stm32f3xx_ll_dma.h:744:22:LL_DMA_SetMemoryIncMode	24	static
../Drivers/STM32F3xx_HAL_Driver/Inc/stm32f3xx_ll_dma.h:790:22:LL_DMA_SetPeriphSize	24	static
../Drivers/STM32F3xx_HAL_Driver/Inc/stm32f3xx_ll_dma.h:837:22:LL_DMA_SetMemorySize	24	static
../Drivers/STM32F3xx_HAL_Driver/Inc/stm32f3xx_ll_dma.h:885:22:LL_DMA_SetChannelPriorityLevel	24	static
../Drivers/STM32F3xx_HAL_Driver/Inc/stm32f3xx_ll_dma.h:932:22:LL_DMA_SetDataLength	24	static
../Drivers/STM32F3xx_HAL_Driver/Inc/stm32f3xx_ll_dma.h:954:26:LL_DMA_GetDataLength	16	static
../Drivers/STM32F3xx_HAL_Driver/Inc/stm32f3xx_ll_dma.h:983:22:LL_DMA_ConfigAddresses	24	static
../Drivers/STM32F3xx_HAL_Driver/Inc/stm32f3xx_ll_dma.h:1017:22:LL_DMA_SetMemoryAddress	24	static
../Drivers/STM32F3xx_HAL_Driver/Inc/stm32f3xx_ll_dma.h:1039:22:LL_DMA_SetPeriphAddress	24	static
../Drivers/STM32F3xx_HAL_Driver/Inc/stm32f3xx_ll_dma.h:1814:22:LL_DMA_EnableIT_TC	16	static
../Drivers/STM32F3xx_HAL_Driver/Inc/stm32f3xx_ll_dma.h:1833:22:LL_DMA_EnableIT_HT	16	static
../Drivers/STM32F3xx_HAL_Driver/Inc/stm32f3xx_ll_dma.h:1852:22:LL_DMA_EnableIT_TE	16	static
../Drivers/STM32F3xx_HAL_Driver/Inc/stm32f3xx_ll_usart.h:543:22:LL_USART_Enable	16	static
../Drivers/STM32F3xx_HAL_Driver/Inc/stm32f3xx_ll_usart.h:2262:22:LL_USART_ConfigAsyncMode	16	static
../Drivers/STM32F3xx_HAL_Driver/Inc/stm32f3xx_ll_usart.h:2926:22:LL_USART_EnableIT_IDLE	16	static
../Drivers/STM32F3xx_HAL_Driver/Inc/stm32f3xx_ll_usart.h:3191:22:LL_USART_DisableIT_CTS	16	static
../Drivers/STM32F3xx_HAL_Driver/Inc/stm32f3xx_ll_usart.h:3365:22:LL_USART_EnableDMAReq_RX	16	static
../Drivers/STM32F3xx_HAL_Driver/Inc/stm32f3xx_ll_usart.h:3398:22:LL_USART_EnableDMAReq_TX	16	static
../Drivers/STM32F3xx_HAL_Driver/Inc/stm32f3xx_ll_usart.h:3468:26:LL_USART_DMA_GetRegAddr	16	static
../Src/usart.c:29:6:resetBuffer	24	static
../Src/usart.c:41:6:USART2_RegisterCallback	16	static
../Src/usart.c:55:6:MX_USART2_UART_Init	80	static
../Src/usart.c:136:6:USART2_PutBuffer	16	static
../Src/usart.c:148:6:USART2_CheckDmaReception	16	static
../Src/usart.c:175:6:MX_DMA_Init	8	static
